🚀 Запуск тестирования Project Brain
⏰ Время начала: 2025-10-16 01:05:55
🔗 API URL: http://localhost:8003/api/query


================================================================================
📁 КАТЕГОРИЯ: Роли и права
================================================================================

⏳ Тестирую: Какие роли есть в StaffProBot?...

================================================================================
ВОПРОС: Какие роли есть в StaffProBot?
================================================================================

✅ ОТВЕТ (7.45с):
Для ответа на вопрос "Какие роли есть в StaffProBot?", мне нужно обратиться к конкретным файлам и коду проекта, где описываются пользовательские роли или разрешения. Однако из предоставленных фрагментов README.md файла в директории deployment не содержится информации об имеющихся ролях.

Для получен...

📂 ИСТОЧНИКИ (5):
  1. deployment/README.md (0-0)
  2. deployment/README.md (1-4)
  3. deployment/README.md (1-4)

⏳ Тестирую: Какие права у роли owner?...

================================================================================
ВОПРОС: Какие права у роли owner?
================================================================================

✅ ОТВЕТ (7.14с):
Из предоставленного контекста информации о правах конкретной роли "owner" не указано. Для ответа на этот вопрос потребуется более детализированный код или документация, где определены пользовательские роли и их права.

Обычно такие данные находятся в файлах конфигурации системы безопасности (наприме...

📂 ИСТОЧНИКИ (5):
  1. domain/entities/owner_profile.py (1-10)
  2. domain/entities/owner_profile.py (1-10)
  3. domain/entities/owner_profile.py (1-10)

================================================================================
📁 КАТЕГОРИЯ: Архитектура
================================================================================

⏳ Тестирую: Какая архитектура используется в проекте?...

================================================================================
ВОПРОС: Какая архитектура используется в проекте?
================================================================================

✅ ОТВЕТ (6.83с):
Проект StaffProBot использует следующую архitecture:

1. **Модульная структура**: Система разбита на отдельные сервисы, каждый из которых занимается определённой функцией.
2. **Асинхронность**: Полное использование async/await для обработки запросов и улучшения производительности.
3. **Кэширование**...

📂 ИСТОЧНИКИ (5):
  1. doc/tasklist.md (1287-1292)
  2. doc/tasklist.md (1287-1292)
  3. doc/tasklist.md (1287-1292)

⏳ Тестирую: Какие микросервисы есть в системе?...

================================================================================
ВОПРОС: Какие микросервисы есть в системе?
================================================================================

✅ ОТВЕТ (4.88с):
Из предоставленного контекста невозможно узнать информацию о микросервисах в проекте StaffProBot, так как упомянутые файлы содержат только метаданные и сводки анализа сообщений. Для получения информации о микросервисах вам потребуется обратиться к архитектурному документу или кодовой базе проекта, г...

📂 ИСТОЧНИКИ (5):
  1. uploads/chats/aurek/final/summary.md (0-0)
  2. uploads/chats/aurek/analysis/summary.md (0-0)
  3. uploads/chats/aurek/analysis_refined/summary.md (0-0)

================================================================================
📁 КАТЕГОРИЯ: База данных
================================================================================

⏳ Тестирую: Какие таблицы есть в базе данных?...

================================================================================
ВОПРОС: Какие таблицы есть в базе данных?
================================================================================

✅ ОТВЕТ (6.32с):
Для того чтобы ответить на вопрос о том, какие таблицы существуют в базе данных проекта StaffProBot, мне нужно обратиться к файлам с моделями (models) или скриптам миграций. Обычно информацию об имеющихся таблицах можно найти в файлах, расположенных в директории `staffprobot/models` или `migrations`...

📂 ИСТОЧНИКИ (5):
  1. doc/DOCUMENTATION_RULES.md (3-5)
  2. doc/DOCUMENTATION_RULES.md (3-5)
  3. doc/DOCUMENTATION_RULES.md (3-5)

⏳ Тестирую: Как связаны таблицы users и shifts?...

================================================================================
ВОПРОС: Как связаны таблицы users и shifts?
================================================================================

✅ ОТВЕТ (15.17с):
Таблицы `users` и `shifts` в контексте проекта StaffProBot связаны через ключи, которые позволяют связать конкретного пользователя с его сменами. Из доступных мне данных прямо указывают на то, что есть определенные связи между ними, но конкретные детали могут быть размытыми из-за недостатка информац...

📂 ИСТОЧНИКИ (5):
  1. core/scheduler/shift_scheduler.py (1-10)
  2. core/scheduler/shift_scheduler.py (1-10)
  3. core/scheduler/shift_scheduler.py (1-10)

================================================================================
📁 КАТЕГОРИЯ: API и роуты
================================================================================

⏳ Тестирую: Какие API endpoints есть для работы со сменами?...

================================================================================
ВОПРОС: Какие API endpoints есть для работы со сменами?
================================================================================

✅ ОТВЕТ (3.55с):
Для работы со сменами существует следующий API endpoint:

- `GET /api/calendar/shifts` - этот endpoint используется для получения данных о сменах, включая фильтрацию по объектам, датам и статусам.

Этот эндпоинт находится в файле `routes/shared/calendar_api.py`....

📂 ИСТОЧНИКИ (5):
  1. doc/tasklist.md (1131-1136)
  2. doc/tasklist.md (1131-1136)
  3. doc/tasklist.md (1131-1136)

⏳ Тестирую: Как создать нового пользователя через API?...

================================================================================
ВОПРОС: Как создать нового пользователя через API?
================================================================================

✅ ОТВЕТ (8.66с):
Из предоставленного контекста не видно конкретных инструкций или примеров по созданию пользователей через API. Однако, исходя из названия раздела "Создание суперадмина через API (альтернативный способ)", можно предположить, что в документации должны быть более подробные указания на эту тему.

Для то...

📂 ИСТОЧНИКИ (5):
  1. doc/DEPLOYMENT_PROCEDURE.md (135-136)
  2. doc/DEPLOYMENT_PROCEDURE.md (135-136)
  3. doc/DEPLOYMENT_PROCEDURE.md (135-136)

================================================================================
📁 КАТЕГОРИЯ: Бизнес-логика
================================================================================

⏳ Тестирую: Как работает открытие смены?...

================================================================================
ВОПРОС: Как работает открытие смены?
================================================================================

✅ ОТВЕТ (8.80с):
Для того чтобы ответить на вопрос о том, как работает открытие смены в проекте StaffProBot, мне потребуется более конкретная информация. Однако, обычно этот процесс связан с модулем системы, который регистрирует начало рабочего дня для сотрудников.

Без доступа к полному коду и документации, я могу ...

📂 ИСТОЧНИКИ (5):
  1. doc/DOCUMENTATION_RULES.md (0-0)
  2. doc/DOCUMENTATION_RULES.md (1-2)
  3. doc/DOCUMENTATION_RULES.md (1-2)

⏳ Тестирую: Что происходит при закрытии смены?...

================================================================================
ВОПРОС: Что происходит при закрытии смены?
================================================================================

✅ ОТВЕТ (9.32с):
Из предоставленного контекста нет прямой информации о процессе закрытия смены. Однако, можно предположить, что данный процесс может быть связан с обработкой уведомлений или событиями, которые происходят при завершении рабочей смены.

Для получения точного ответа на вопрос "Что происходит при закрыти...

📂 ИСТОЧНИКИ (5):
  1. doc/NOTIFICATIONS.md (572-575)
  2. doc/NOTIFICATIONS.md (572-575)
  3. doc/NOTIFICATIONS.md (572-575)

================================================================================
📁 КАТЕГОРИЯ: Деплой и инфраструктура
================================================================================

⏳ Тестирую: Как развернуть проект на production?...

================================================================================
ВОПРОС: Как развернуть проект на production?
================================================================================

✅ ОТВЕТ (10.24с):
Для того чтобы развернуть проект StaffProBot в рабочей среде, следует следовать инструкциям из файла `doc/DEPLOYMENT_PROCEDURE.md`. Этот файл содержит подробные шаги для успешного развертывания бота на production сервер. 

Однако, поскольку предоставленный фрагмент документации не содержит конкретны...

📂 ИСТОЧНИКИ (5):
  1. doc/DEPLOYMENT_PROCEDURE.md (1-2)
  2. doc/DEPLOYMENT_PROCEDURE.md (0-0)
  3. doc/DEPLOYMENT_PROCEDURE.md (1-2)

⏳ Тестирую: Какие переменные окружения нужны для запуска?...

================================================================================
ВОПРОС: Какие переменные окружения нужны для запуска?
================================================================================

✅ ОТВЕТ (12.87с):
Для точного ответа на вопрос, мне нужно увидеть файл `doc/tasklist.md` полностью или найти информацию в кодовой базе проекта StaffProBot, связанную с переменными окружения. Однако, обычно такие данные находятся в документации по установке и эксплуатации проекта или в специальном файле `.env.example`...

📂 ИСТОЧНИКИ (5):
  1. doc/tasklist.md (366-367)
  2. doc/tasklist.md (366-367)
  3. doc/tasklist.md (366-367)

================================================================================
📊 ИТОГОВАЯ СТАТИСТИКА
================================================================================
✅ Всего запросов: 12
⏱️  Общее время: 125.86с
⚡ Среднее время: 10.49с
✅ Успешных: 12/12

💾 Результаты сохранены в: tests/test_results_20251016_010813.json
